------------------------------------------------------------
Timing Analyzer Summary
------------------------------------------------------------

Type  : Slow 1100mV 85C Model Setup 'clk'
Slack : -9.989
TNS   : -5125.015

Type  : Slow 1100mV 85C Model Setup 'reset'
Slack : -2.392
TNS   : -4.350

Type  : Slow 1100mV 85C Model Hold 'clk'
Slack : -1.536
TNS   : -9.077

Type  : Slow 1100mV 85C Model Hold 'reset'
Slack : 1.298
TNS   : 0.000

Type  : Slow 1100mV 85C Model Recovery 'clk'
Slack : 0.252
TNS   : 0.000

Type  : Slow 1100mV 85C Model Removal 'clk'
Slack : -0.198
TNS   : -175.793

Type  : Slow 1100mV 85C Model Minimum Pulse Width 'clk'
Slack : -3.545
TNS   : -1711.245

Type  : Slow 1100mV 85C Model Minimum Pulse Width 'reset'
Slack : 0.378
TNS   : 0.000

Type  : Slow 1100mV 0C Model Setup 'clk'
Slack : -10.179
TNS   : -5018.010

Type  : Slow 1100mV 0C Model Setup 'reset'
Slack : -2.537
TNS   : -4.616

Type  : Slow 1100mV 0C Model Hold 'clk'
Slack : -1.553
TNS   : -9.191

Type  : Slow 1100mV 0C Model Hold 'reset'
Slack : 1.350
TNS   : 0.000

Type  : Slow 1100mV 0C Model Recovery 'clk'
Slack : 0.282
TNS   : 0.000

Type  : Slow 1100mV 0C Model Removal 'clk'
Slack : -0.108
TNS   : -70.060

Type  : Slow 1100mV 0C Model Minimum Pulse Width 'clk'
Slack : -3.545
TNS   : -1713.947

Type  : Slow 1100mV 0C Model Minimum Pulse Width 'reset'
Slack : 0.365
TNS   : 0.000

Type  : Fast 1100mV 85C Model Setup 'clk'
Slack : -3.500
TNS   : -1797.018

Type  : Fast 1100mV 85C Model Setup 'reset'
Slack : -0.242
TNS   : -0.353

Type  : Fast 1100mV 85C Model Hold 'clk'
Slack : -0.761
TNS   : -4.491

Type  : Fast 1100mV 85C Model Hold 'reset'
Slack : 0.485
TNS   : 0.000

Type  : Fast 1100mV 85C Model Recovery 'clk'
Slack : 0.057
TNS   : 0.000

Type  : Fast 1100mV 85C Model Removal 'clk'
Slack : -0.139
TNS   : -136.566

Type  : Fast 1100mV 85C Model Minimum Pulse Width 'clk'
Slack : -1.702
TNS   : -192.444

Type  : Fast 1100mV 85C Model Minimum Pulse Width 'reset'
Slack : 0.080
TNS   : 0.000

Type  : Fast 1100mV 0C Model Setup 'clk'
Slack : -3.130
TNS   : -1472.076

Type  : Fast 1100mV 0C Model Setup 'reset'
Slack : -0.168
TNS   : -0.219

Type  : Fast 1100mV 0C Model Hold 'clk'
Slack : -0.724
TNS   : -4.271

Type  : Fast 1100mV 0C Model Hold 'reset'
Slack : 0.461
TNS   : 0.000

Type  : Fast 1100mV 0C Model Recovery 'clk'
Slack : 0.027
TNS   : 0.000

Type  : Fast 1100mV 0C Model Removal 'clk'
Slack : -0.114
TNS   : -108.057

Type  : Fast 1100mV 0C Model Minimum Pulse Width 'clk'
Slack : -1.702
TNS   : -195.920

Type  : Fast 1100mV 0C Model Minimum Pulse Width 'reset'
Slack : 0.070
TNS   : 0.000

------------------------------------------------------------
